[
["sample_key", "sample_value"],
["san telmo a andratx", "https:\/\/www.tib.org\/es\/web\/ctm\/autobus\/linia\/100"],
["port andratx a palma", "https:\/\/www.tib.org\/es\/web\/ctm\/autobus\/linia\/102"],
["puerto andratx a palma", "https:\/\/www.tib.org\/es\/web\/ctm\/autobus\/linia\/102"],
["peguera a palma", "https:\/\/www.tib.org\/es\/web\/ctm\/autobus\/linia\/104"],
["el toro a palma", "https:\/\/www.tib.org\/es\/web\/ctm\/autobus\/linia\/105"],
["magaluf a palma", "https:\/\/www.tib.org\/es\/web\/ctm\/autobus\/linia\/106"],
["cala vinyes a palma", "https:\/\/www.tib.org\/es\/web\/ctm\/autobus\/linia\/107"],
["es capdella a palma", "https:\/\/www.tib.org\/es\/web\/ctm\/autobus\/linia\/111"],
["galilea a palma", "https:\/\/www.tib.org\/es\/web\/ctm\/autobus\/linia\/140"],
["estellencs a palma", "https:\/\/www.tib.org\/es\/web\/ctm\/autobus\/linia\/200"],
["port soller a palma", "https:\/\/www.tib.org\/es\/web\/ctm\/autobus\/linia\/210"],
["valldemosa a palma", "https:\/\/www.tib.org\/es\/web\/ctm\/autobus\/linia\/210"],
["fornalutx a port soller", "https:\/\/www.tib.org\/es\/web\/ctm\/autobus\/linia\/212"],
["bunyola a palma", "https:\/\/www.tib.org\/es\/web\/ctm\/autobus\/linia\/220"],
["orient a bunyola", "https:\/\/www.tib.org\/es\/web\/ctm\/autobus\/linia\/221"],
["lloret a palma", "https:\/\/www.tib.org\/es\/web\/ctm\/autobus\/linia\/400"],
["ariany a estacion sineu", "https:\/\/www.tib.org\/es\/web\/ctm\/autobus\/linia\/403"],
["ariany a sineu", "https:\/\/www.tib.org\/es\/web\/ctm\/autobus\/linia\/403"],
["san joan a estacion de sineu", "https:\/\/www.tib.org\/es\/web\/ctm\/autobus\/linia\/406a"],
["san joan a sineu", "https:\/\/www.tib.org\/es\/web\/ctm\/autobus\/linia\/406a"],
["portol a estacion de marratxi", "https:\/\/www.tib.org\/es\/web\/ctm\/autobus\/linia\/301"],
["portol a marratxi", "https:\/\/www.tib.org\/es\/web\/ctm\/autobus\/linia\/301"],
["hospital joan march a palma", "https:\/\/www.tib.org\/es\/web\/ctm\/autobus\/linia\/302"],
["inca a palma", "https:\/\/www.tib.org\/es\/web\/ctm\/autobus\/linia\/310"],
["inca a sencelles", "https:\/\/www.tib.org\/es\/web\/ctm\/autobus\/linia\/310"],
["santa eugenia a santa maria", "https:\/\/www.tib.org\/es\/web\/ctm\/autobus\/linia\/311"],
["alaro a consell", "https:\/\/www.tib.org\/es\/web\/ctm\/autobus\/linia\/320"],
["orient a consell", "https:\/\/www.tib.org\/es\/web\/ctm\/autobus\/linia\/321"],
["lluc a inca", "https:\/\/www.tib.org\/es\/web\/ctm\/autobus\/linia\/330"],
["mancor a inca", "https:\/\/www.tib.org\/es\/web\/ctm\/autobus\/linia\/331"],
["moscari a inca", "https:\/\/www.tib.org\/es\/web\/ctm\/autobus\/linia\/332"],
["campanet a inca", "https:\/\/www.tib.org\/es\/web\/ctm\/autobus\/linia\/333"],
["inca a hospital", "https:\/\/www.tib.org\/es\/web\/ctm\/autobus\/linia\/333H"],
["port pollença a palma", "https:\/\/www.tib.org\/es\/web\/ctm\/autobus\/linia\/340"],
["puerto pollensa a palma", "https:\/\/www.tib.org\/es\/web\/ctm\/autobus\/linia\/340"],
["puerto pollensa a pollensa", "https:\/\/www.tib.org\/es\/web\/ctm\/autobus\/linia\/345"],
["playa de muro a palma", "https:\/\/www.tib.org\/es\/web\/ctm\/autobus\/linia\/351"],
["can picafort a puerto pollensa", "https:\/\/www.tib.org\/es\/web\/ctm\/autobus\/linia\/352"],
["can picafort a formentor", "https:\/\/www.tib.org\/es\/web\/ctm\/autobus\/linia\/353"],
["can picafort a soller", "https:\/\/www.tib.org\/es\/web\/ctm\/autobus\/linia\/354"],
["can picafort a sa calobra", "https:\/\/www.tib.org\/es\/web\/ctm\/autobus\/linia\/355"],
["can picafort a palma", "https:\/\/www.tib.org\/es\/web\/ctm\/autobus\/linia\/390"],
["can picafort a son serra de marina", "https:\/\/www.tib.org\/es\/web\/ctm\/autobus\/linia\/392"],
["can picafort a inca", "https:\/\/www.tib.org\/es\/web\/ctm\/autobus\/linia\/395"],
["can picafort al aeropuerto", "https:\/\/www.tib.org\/es\/web\/ctm\/autobus\/linia\/A32"],
["playa de muro al aeropuerto", "https:\/\/www.tib.org\/es\/web\/ctm\/autobus\/linia\/A32"],
["alcudia al aeropuerto", "https:\/\/www.tib.org\/es\/web\/ctm\/autobus\/linia\/A32"],
["lloret a palma", "https:\/\/www.tib.org\/es\/web\/ctm\/autobus\/linia\/400"],
["ariany a sineu", "https:\/\/www.tib.org\/es\/web\/ctm\/autobus\/linia\/403"],
["san joan a sineu", "https:\/\/www.tib.org\/es\/web\/ctm\/autobus\/linia\/406a"],
["san joan a montuiri", "https:\/\/www.tib.org\/es\/web\/ctm\/autobus\/linia\/406b"],
["cala rajada a palma", "https:\/\/www.tib.org\/es\/web\/ctm\/autobus\/linia\/411"],
["cala rayada a palma", "https:\/\/www.tib.org\/es\/web\/ctm\/autobus\/linia\/411"],
["cala rallada a palma", "https:\/\/www.tib.org\/es\/web\/ctm\/autobus\/linia\/411"],
["costa de los pinos a palma", "https:\/\/www.tib.org\/es\/web\/ctm\/autobus\/linia\/412"],
["cala romantica a palma", "https:\/\/www.tib.org\/es\/web\/ctm\/autobus\/linia\/416"],
["montuiri a manacor", "https:\/\/www.tib.org\/es\/web\/ctm\/autobus\/linia\/421"],
["son carrio a manacor", "https:\/\/www.tib.org\/es\/web\/ctm\/autobus\/linia\/423"],
["calas de mallorca a manacor", "https:\/\/www.tib.org\/es\/web\/ctm\/autobus\/linia\/424"],
["cala dor manacor", "https:\/\/www.tib.org\/es\/web\/ctm\/autobus\/linia\/425"],
["son servera a manacor", "https:\/\/www.tib.org\/es\/web\/ctm\/autobus\/linia\/432"],
["cala dor a cala rayada", "https:\/\/www.tib.org\/es\/web\/ctm\/autobus\/linia\/441"],
["porto cristo a puerto de pollensa", "https:\/\/www.tib.org\/es\/web\/ctm\/autobus\/linia\/445"],
["port de pollensa a port vell", "https:\/\/www.tib.org\/es\/web\/ctm\/autobus\/linia\/447"],
["puerto de pollensa a port vell", "https:\/\/www.tib.org\/es\/web\/ctm\/autobus\/linia\/447"],
["arenal a cala bona", "https:\/\/www.tib.org\/es\/web\/ctm\/autobus\/linia\/454"],
["cala mesquida a sa font de sa cala", "https:\/\/www.tib.org\/es\/web\/ctm\/autobus\/linia\/471"],
["colonia de san pere a arta", "https:\/\/www.tib.org\/es\/web\/ctm\/autobus\/linia\/481"],
["portocolom a palma", "https:\/\/www.tib.org\/es\/web\/ctm\/autobus\/linia\/490"],
["portocolom a palma exprex", "https:\/\/www.tib.org\/es\/web\/ctm\/autobus\/linia\/491"],
["portocolom a palma directo", "https:\/\/www.tib.org\/es\/web\/ctm\/autobus\/linia\/491"],
["s'alqueria blanca a felanitx", "https:\/\/www.tib.org\/es\/web\/ctm\/autobus\/linia\/492"],
["salqueria blanca a felanitx", "https:\/\/www.tib.org\/es\/web\/ctm\/autobus\/linia\/492"],
["santanyi a manacor", "https:\/\/www.tib.org\/es\/web\/ctm\/autobus\/linia\/495"],
["cala bona al aeropuerto", "https:\/\/www.tib.org\/es\/web\/ctm\/autobus\/linia\/A42"],
["cala millor al aeropuerto", "https:\/\/www.tib.org\/es\/web\/ctm\/autobus\/linia\/A42"],
["campos a palma", "https:\/\/www.tib.org\/es\/web\/ctm\/autobus\/linia\/500"],
["cala dor a palma", "https:\/\/www.tib.org\/es\/web\/ctm\/autobus\/linia\/501"],
["colonia de san jordi a palma", "https:\/\/www.tib.org\/es\/web\/ctm\/autobus\/linia\/502"],
["cala figuera a santanyi", "https:\/\/www.tib.org\/es\/web\/ctm\/autobus\/linia\/503"],
["campos a palma", "https:\/\/www.tib.org\/es\/web\/ctm\/autobus\/linia\/515"],
["sa rapita a palma", "https:\/\/www.tib.org\/es\/web\/ctm\/autobus\/linia\/515"],
["tolleric a palma", "https:\/\/www.tib.org\/es\/web\/ctm\/autobus\/linia\/520"],
["cala pi a palma", "https:\/\/www.tib.org\/es\/web\/ctm\/autobus\/linia\/525"],
["campos al aeropuerto", "https:\/\/www.tib.org\/es\/web\/ctm\/autobus\/linia\/A51"],
["arenal al aeropuerto", "https:\/\/www.tib.org\/es\/web\/ctm\/autobus\/linia\/A51"],
["palmanova al mercado de andratx", "https:\/\/www.tib.org\/es\/web\/ctm\/autobus\/linia\/811"],
["costa de los pinos al mercado de inca", "https:\/\/www.tib.org\/es\/web\/ctm\/autobus\/linia\/831A"],
["costa de los pinos al mercado de sineu", "https:\/\/www.tib.org\/es\/web\/ctm\/autobus\/linia\/832A"],
["sillot al mercado de arta", "https:\/\/www.tib.org\/es\/web\/ctm\/autobus\/linia\/842A"],
["sillot al mercado de son servera", "https:\/\/www.tib.org\/es\/web\/ctm\/autobus\/linia\/843"]
]
