[
["Alcudia", " http:\/\/www.aemet.es\/\/es\/\/eltiempo\/\/prediccion\/\/municipios\/\/alcudia-id07003"],
["Calvia", " http:\/\/www.aemet.es\/es\/eltiempo\/prediccion\/municipios\/calvia-id07011 "],
["Calvià", " http:\/\/www.aemet.es\/es\/eltiempo\/prediccion\/municipios\/calvia-id07011 "],
["Capdepera", " http:\/\/www.aemet.es\/es\/eltiempo\/prediccion\/municipios\/capdepera-id07014 "],
["Ciutadella", " http:\/\/www.aemet.es\/es\/eltiempo\/prediccion\/municipios\/ciutadella-de-menorca-id07015 "],
["Eivissa", " http:\/\/www.aemet.es\/es\/eltiempo\/prediccion\/municipios\/eivissa-id07026 "],
["biza", " http:\/\/www.aemet.es\/es\/eltiempo\/prediccion\/municipios\/eivissa-id07026 "],
["Felanitx", " http:\/\/www.aemet.es\/es\/eltiempo\/prediccion\/municipios\/felanitx-id07022 "],
["Formentera", " http:\/\/www.aemet.es\/es\/eltiempo\/prediccion\/municipios\/formentera-san-francisco-javier-id07024 "],
["Inca", " http:\/\/www.aemet.es\/es\/eltiempo\/prediccion\/municipios\/inca-id07027 "],
["Llucmajor", " http:\/\/www.aemet.es\/es\/eltiempo\/prediccion\/municipios\/llucmajor-id07031 "],
["Manacor", " http:\/\/www.aemet.es\/es\/eltiempo\/prediccion\/municipios\/manacor-id07033 "],
["Mahon", " http:\/\/www.aemet.es\/es\/eltiempo\/prediccion\/municipios\/mao-mahon-id07032 "],
["Marratxi", " http:\/\/www.aemet.es\/es\/eltiempo\/prediccion\/municipios\/marratxi-cabaneta-la-id07036 "],
["Marrachi", " http:\/\/www.aemet.es\/es\/eltiempo\/prediccion\/municipios\/marratxi-cabaneta-la-id07036 "],
["Palma de Mallorca", " http:\/\/www.aemet.es\/es\/eltiempo\/prediccion\/municipios\/palma-id07040 "],
["Sa Pobla", " http:\/\/www.aemet.es\/es\/eltiempo\/prediccion\/municipios\/pobla-sa-id07044 "],
["Pollença", "http:\/\/www.aemet.es\/es\/eltiempo\/prediccion\/municipios\/pollenca-id07042 "],
["Pollensa", " http:\/\/www.aemet.es\/es\/eltiempo\/prediccion\/municipios\/pollenca-id07042 "],
["Santa Eulalia", "http:\/\/www.aemet.es\/es\/eltiempo\/prediccion\/municipios\/santa-eularia-des-riu-id07054 "],
["Santa Margalida", " http:\/\/www.aemet.es\/es\/eltiempo\/prediccion\/municipios\/santa-margalida-id07055 "],
["Santa Margarita", " http:\/\/www.aemet.es\/es\/eltiempo\/prediccion\/municipios\/santa-margalida-id07055 "],
["San Antonio", " http:\/\/www.aemet.es\/es\/eltiempo\/prediccion\/municipios\/sant-antoni-de-portmany-id07046 "],
["Sant Antoni", " http:\/\/www.aemet.es\/es\/eltiempo\/prediccion\/municipios\/sant-antoni-de-portmany-id07046 "],
["San Josep", " http:\/\/www.aemet.es\/es\/eltiempo\/prediccion\/municipios\/sant-josep-de-sa-talaia-id07048 "],
["San Jose", " http:\/\/www.aemet.es\/es\/eltiempo\/prediccion\/municipios\/sant-josep-de-sa-talaia-id07048 "],
["Soller", " http:\/\/www.aemet.es\/es\/eltiempo\/prediccion\/municipios\/soller-id07061 "],
["Alaior", " http:\/\/www.aemet.es\/es\/eltiempo\/prediccion\/municipios\/alaior-id07002 "],
["Alaro", " http:\/\/www.aemet.es\/es\/eltiempo\/prediccion\/municipios\/alaro-id07001 "],
["Algaida", " http:\/\/www.aemet.es\/es\/eltiempo\/prediccion\/municipios\/algaida-id07004 "],
["Andratx", " http:\/\/www.aemet.es\/es\/eltiempo\/prediccion\/municipios\/andratx-id07005 "],
["Ariany", " http:\/\/www.aemet.es\/es\/eltiempo\/prediccion\/municipios\/ariany-id07901 "],
["Arta", " http:\/\/www.aemet.es\/es\/eltiempo\/prediccion\/municipios\/arta-id07006 "],
["Banyalbufar", " http:\/\/www.aemet.es\/es\/eltiempo\/prediccion\/municipios\/banyalbufar-id07007 "],
["Binissalem", " http:\/\/www.aemet.es\/es\/eltiempo\/prediccion\/municipios\/binissalem-id07008 "],
["Buger", " http:\/\/www.aemet.es\/es\/eltiempo\/prediccion\/municipios\/buger-id07009 "],
["Bunyola", " http:\/\/www.aemet.es\/es\/eltiempo\/prediccion\/municipios\/bunyola-id07010 "],
["Calvia", " http:\/\/www.aemet.es\/es\/eltiempo\/prediccion\/municipios\/calvia-id07011 "],
["Campanet", " http:\/\/www.aemet.es\/es\/eltiempo\/prediccion\/municipios\/campanet-id07012 "],
["Campos", " http:\/\/www.aemet.es\/es\/eltiempo\/prediccion\/municipios\/campos-id07013 "],
["Es Castell", " http:\/\/www.aemet.es\/es\/eltiempo\/prediccion\/municipios\/castell-es-id07064 "],
["Ciutadella", " http:\/\/www.aemet.es\/es\/eltiempo\/prediccion\/municipios\/ciutadella-de-menorca-id07015 "],
["Ciudadela", " http:\/\/www.aemet.es\/es\/eltiempo\/prediccion\/municipios\/ciutadella-de-menorca-id07015 "],
["Consell", " http:\/\/www.aemet.es\/es\/eltiempo\/prediccion\/municipios\/consell-id07016 "],
["Costitx", " http:\/\/www.aemet.es\/es\/eltiempo\/prediccion\/municipios\/costitx-id07017 "],
["Deia", " http:\/\/www.aemet.es\/es\/eltiempo\/prediccion\/municipios\/deia-id07018 "],
["Eivissa", " http:\/\/www.aemet.es\/es\/eltiempo\/prediccion\/municipios\/eivissa-id07026 "],
["Ibiza", " http:\/\/www.aemet.es\/es\/eltiempo\/prediccion\/municipios\/eivissa-id07026 "],
["Escorca", " http:\/\/www.aemet.es\/es\/eltiempo\/prediccion\/municipios\/escorca-lluc-id07019 "],
["Esporles", " http:\/\/www.aemet.es\/es\/eltiempo\/prediccion\/municipios\/esporles-id07020 "],
["Estellencs", " http:\/\/www.aemet.es\/es\/eltiempo\/prediccion\/municipios\/estellencs-id07021 "],
["Felanitx", " http:\/\/www.aemet.es\/es\/eltiempo\/prediccion\/municipios\/felanitx-id07022 "],
["Ferreries", " http:\/\/www.aemet.es\/es\/eltiempo\/prediccion\/municipios\/ferreries-id07023 "],
["Formentera", " http:\/\/www.aemet.es\/es\/eltiempo\/prediccion\/municipios\/formentera-san-francisco-javier-id07024 "],
["Fornalutx", " http:\/\/www.aemet.es\/es\/eltiempo\/prediccion\/municipios\/fornalutx-id07025 "],
["Lloret de Vista Alegre", " http:\/\/www.aemet.es\/es\/eltiempo\/prediccion\/municipios\/lloret-de-vistalegre-id07028 "],
["Lloseta", " http:\/\/www.aemet.es\/es\/eltiempo\/prediccion\/municipios\/lloseta-id07029 "],
["Llubi", " http:\/\/www.aemet.es\/es\/eltiempo\/prediccion\/municipios\/llubi-id07030 "],
["Llucmajor", " http:\/\/www.aemet.es\/es\/eltiempo\/prediccion\/municipios\/llucmajor-id07031 "],
["Mancor de la vall", " http:\/\/www.aemet.es\/es\/eltiempo\/prediccion\/municipios\/mancor-de-la-vall-id07034 "],
["Mancor del valle", " http:\/\/www.aemet.es\/es\/eltiempo\/prediccion\/municipios\/mancor-de-la-vall-id07034 "],
["Maria de la salut", " http:\/\/www.aemet.es\/es\/eltiempo\/prediccion\/municipios\/maria-de-la-salut-id07035 "],
["Maria de la salud", " http:\/\/www.aemet.es\/es\/eltiempo\/prediccion\/municipios\/maria-de-la-salut-id07035 "],
["Es Mercadal", " http:\/\/www.aemet.es\/es\/eltiempo\/prediccion\/municipios\/mercadal-es-id07037 "],
["Es Migjorn Gran", " http:\/\/www.aemet.es\/es\/eltiempo\/prediccion\/municipios\/migjorn-gran-es-id07902 "],
["Montuiri", " http:\/\/www.aemet.es\/es\/eltiempo\/prediccion\/municipios\/montuiri-id07038 "],
["Muro", " http:\/\/www.aemet.es\/es\/eltiempo\/prediccion\/municipios\/muro-id07039 "],
["Petra", " http:\/\/www.aemet.es\/es\/eltiempo\/prediccion\/municipios\/petra-id07041 "],
["Sa Pobla", " http:\/\/www.aemet.es\/es\/eltiempo\/prediccion\/municipios\/pobla-sa-id07044 "],
["Porreres", " http:\/\/www.aemet.es\/es\/eltiempo\/prediccion\/municipios\/porreres-id07043 "],
["Puigpunyent", " http:\/\/www.aemet.es\/es\/eltiempo\/prediccion\/municipios\/puigpunyent-id07045 "],
["Ses Salines", " http:\/\/www.aemet.es\/es\/eltiempo\/prediccion\/municipios\/salines-ses-id07059 "],
["Santa Eugenia", " http:\/\/www.aemet.es\/es\/eltiempo\/prediccion\/municipios\/santa-eugenia-id07053 "],
["Santa Eularia des riu", " http:\/\/www.aemet.es\/es\/eltiempo\/prediccion\/municipios\/santa-eularia-des-riu-id07054 "],
["Santa Margalida", " http:\/\/www.aemet.es\/es\/eltiempo\/prediccion\/municipios\/santa-margalida-id07055 "],
["Santa Maria del Cami", " http:\/\/www.aemet.es\/es\/eltiempo\/prediccion\/municipios\/santa-margalida-id07055 "],
["Santanyi", " http:\/\/www.aemet.es\/es\/eltiempo\/prediccion\/municipios\/santanyi-id07057 "],
["San Joan", " http:\/\/www.aemet.es\/es\/eltiempo\/prediccion\/municipios\/sant-joan-id07049 "],
["Sant Joan de labritja", " http:\/\/www.aemet.es\/es\/eltiempo\/prediccion\/municipios\/sant-joan-de-labritja-id07050 "],
["Sant josep de sa talaia", " http:\/\/www.aemet.es\/es\/eltiempo\/prediccion\/municipios\/sant-josep-de-sa-talaia-id07048 "],
["Sant Llorenc des cardassar", " http:\/\/www.aemet.es\/es\/eltiempo\/prediccion\/municipios\/sant-llorenc-des-cardassar-id07051 "],
["Sant Lluis", " http:\/\/www.aemet.es\/es\/eltiempo\/prediccion\/municipios\/sant-lluis-id07052 "],
["Selva", " http:\/\/www.aemet.es\/es\/eltiempo\/prediccion\/municipios\/selva-id07058 "],
["Sencelles", " http:\/\/www.aemet.es\/es\/eltiempo\/prediccion\/municipios\/sencelles-id07047 "],
["Sineu", " http:\/\/www.aemet.es\/es\/eltiempo\/prediccion\/municipios\/sineu-id07060 "],
["Son Servera", " http:\/\/www.aemet.es\/es\/eltiempo\/prediccion\/municipios\/son-servera-id07062 "],
["Valldemossa", " http:\/\/www.aemet.es\/es\/eltiempo\/prediccion\/municipios\/valldemossa-id07063 "],
["Vilafranca de bonany", " http:\/\/www.aemet.es\/es\/eltiempo\/prediccion\/municipios\/vilafranca-de-bonany-id07065 "]
]
