[
["sample_key", "sample_value"],
["Pollensa", "http:\/\/cort.as\/-HJZM"],
["Pollença", "http:\/\/cort.as\/-HJZM"],
["Calvia", "http:\/\/cort.as\/-HJei"],
["Sant Antoni de Portmany", "http:\/\/cort.as\/-HJep"],
["Deya", "http:\/\/cort.as\/-HJf0"],
["Andratx", "http:\/\/cort.as\/-HJfC"],
["Alaior", "http:\/\/cort.as\/-HJfF"],
["Alcudia", "https:\/\/www.spain.info\/es\/que-quieres\/ciudades-pueblos\/otros-destinos\/alcudia.html"],
["Ferreries", "https:\/\/www.spain.info\/es\/que-quieres\/ciudades-pueblos\/otros-destinos\/ferreries.html"],
["Muro", "https:\/\/www.spain.info\/es\/que-quieres\/ciudades-pueblos\/otros-destinos\/muro.html"],
["Llucmajor", "https:\/\/www.spain.info\/es\/que-quieres\/ciudades-pueblos\/otros-destinos\/llucmajor.html"],
["Cala Ratjada", "https:\/\/www.spain.info\/es\/que-quieres\/ciudades-pueblos\/otros-destinos\/cala_ratjada.html"],
["Cala Rajada", "https:\/\/www.spain.info\/es\/que-quieres\/ciudades-pueblos\/otros-destinos\/cala_ratjada.html"],
["Cala Rayada", "https:\/\/www.spain.info\/es\/que-quieres\/ciudades-pueblos\/otros-destinos\/cala_ratjada.html"],
["Cala Rallada", "https:\/\/www.spain.info\/es\/que-quieres\/ciudades-pueblos\/otros-destinos\/cala_ratjada.html"],
["Cala Galdana", "https:\/\/www.spain.info\/es\/que-quieres\/ciudades-pueblos\/otros-destinos\/cala_galdana.html"],
["Fornells", "https:\/\/www.spain.info\/es\/que-quieres\/ciudades-pueblos\/otros-destinos\/fornells.html"],
["La Savina", "https:\/\/www.spain.info\/es\/que-quieres\/ciudades-pueblos\/otros-destinos\/la_savina.html"],
["Sant Lluis", "https:\/\/www.spain.info\/es\/que-quieres\/ciudades-pueblos\/otros-destinos\/sant_lluis.html"],
["Cala de Portinatx", "https:\/\/www.spain.info\/es\/que-quieres\/ciudades-pueblos\/otros-destinos\/cala_de_portinatx.html"],
["Pujols", "https:\/\/www.spain.info\/es\/que-quieres\/ciudades-pueblos\/otros-destinos\/pujols.html"],
["Santa Eulalia", "https:\/\/www.spain.info\/es\/que-quieres\/ciudades-pueblos\/otros-destinos\/santa_eulalia.html"],
["Cala Saona", "https:\/\/www.spain.info\/es\/que-quieres\/destinos-playa\/playas\/formentera\/cala_saona.html"],
["Cala en Baster", "https:\/\/www.spain.info\/es\/que-quieres\/destinos-playa\/playas\/formentera\/cala_en_baster.html"],
["Cala de Bosch", "https:\/\/www.spain.info\/es\/que-quieres\/destinos-playa\/playas\/formentera\/cala_de_bosch.html"],
["Cala Godola", "https:\/\/www.spain.info\/es\/que-quieres\/destinos-playa\/playas\/formentera\/cala_codola.html"],
["Ses Illetes", "https:\/\/www.spain.info\/es\/que-quieres\/destinos-playa\/playas\/formentera\/ses_illetes.html"],
["Es Pujols", "https:\/\/www.spain.info\/es\/que-quieres\/destinos-playa\/playas\/formentera\/es_pujols.html"],
["Platja de llevant", "https:\/\/www.spain.info\/es\/que-quieres\/destinos-playa\/playas\/formentera\/platja_de_llevant.html"],
["Sa Roqueta", "https:\/\/www.spain.info\/es\/que-quieres\/destinos-playa\/playas\/formentera\/sa_roqueta.html"],
["Platja de ses canyes", "https:\/\/www.spain.info\/es\/que-quieres\/destinos-playa\/playas\/formentera\/platja_de_ses_canyes.html"],
["Estany des peix", "https:\/\/www.spain.info\/es\/que-quieres\/destinos-playa\/playas\/formentera\/estany_d_es_peix.html"],
["Cala bona", "https:\/\/www.spain.info\/es\/que-quieres\/destinos-playa\/playas\/mallorca\/cala_bona.html"],
["Cala capellans", "https:\/\/www.spain.info\/es\/que-quieres\/destinos-playa\/playas\/mallorca\/cala_capellans.html"],
["Cala estancia", "https:\/\/www.spain.info\/es\/que-quieres\/destinos-playa\/playas\/mallorca\/cala_estancia.html"],
["cala egos", "https:\/\/www.spain.info\/es\/que-quieres\/destinos-playa\/playas\/mallorca\/cala_egos_1.html"],
["cala esmazoc", "https:\/\/www.spain.info\/es\/que-quieres\/destinos-playa\/playas\/mallorca\/cala_es_matzoc.html"],
["cala gat", "https:\/\/www.spain.info\/es\/que-quieres\/destinos-playa\/playas\/mallorca\/cala_gat.html"],
["cala lliteras", "https:\/\/www.spain.info\/es\/que-quieres\/destinos-playa\/playas\/mallorca\/cala_lliteras.html"],
["cala gamba", "https:\/\/www.spain.info\/es\/que-quieres\/destinos-playa\/playas\/mallorca\/cala_gamba.html"],
["cala millor", "https:\/\/www.spain.info\/es\/que-quieres\/destinos-playa\/playas\/mallorca\/cala_millor_1.html"],
["manacor", "https:\/\/www.spain.info\/es\/que-quieres\/destinos-playa\/playas\/mallorca\/cala_moreia_1.html"],
["felanitx", "https:\/\/www.spain.info\/es\/que-quieres\/destinos-playa\/playas\/mallorca\/cala_mitjana.html"],
["arta", "https:\/\/www.spain.info\/es\/que-quieres\/destinos-playa\/playas\/mallorca\/cala_mitjana_1.html"],
["santa margalida", "https:\/\/www.spain.info\/es\/que-quieres\/destinos-playa\/playas\/mallorca\/cala_serralot.html"],
["valldemosa", "https:\/\/www.spain.info\/es\/que-quieres\/destinos-playa\/playas\/mallorca\/calo_de_s_estaca.html"],
["ses salines", "https:\/\/www.spain.info\/es\/que-quieres\/destinos-playa\/playas\/mallorca\/es_dolc.html"],
["campos", "https:\/\/www.spain.info\/es\/que-quieres\/destinos-playa\/playas\/mallorca\/es_perengons_petits.html"],
["banyalbufar", "https:\/\/www.spain.info\/es\/que-quieres\/destinos-playa\/playas\/mallorca\/es_corral_fals.html"],
["soller", "https:\/\/www.spain.info\/es\/que-quieres\/destinos-playa\/playas\/mallorca\/puerto_de_soller.html"],
["san pere", "https:\/\/www.spain.info\/es\/que-quieres\/destinos-playa\/playas\/mallorca\/sant_pere.html"],
["san joan", "https:\/\/www.spain.info\/es\/que-quieres\/destinos-playa\/playas\/mallorca\/sant_joan.html"],
["playa de muro", "https:\/\/www.spain.info\/es\/que-quieres\/destinos-playa\/playas\/mallorca\/muro.html"],
["sa calobra", "https:\/\/www.spain.info\/es\/que-quieres\/destinos-playa\/playas\/mallorca\/sa_calobra.html"],
["son real", "https:\/\/www.spain.info\/es\/que-quieres\/destinos-playa\/playas\/mallorca\/son_real.html"],
["son serra de marina", "https:\/\/www.spain.info\/es\/que-quieres\/destinos-playa\/playas\/mallorca\/son_serra_de_marina.html"],
["torrent de pareis", "https:\/\/www.spain.info\/es\/que-quieres\/destinos-playa\/playas\/mallorca\/torrent_de_pareis.html"]
]
